
> Inovasore@0.0.1 build
> astro build

[2m18:33:18[22m [34m[content][39m Syncing content
[2m18:33:18[22m [34m[content][39m Synced content
[2m18:33:18[22m [34m[types][39m Generated [2m45ms[22m
[2m18:33:18[22m [34m[build][39m output: [34m"static"[39m
[2m18:33:18[22m [34m[build][39m mode: [34m"static"[39m
[2m18:33:18[22m [34m[build][39m directory: [34mC:\inovasore\dist\[39m
[2m18:33:18[22m [34m[build][39m Collecting build info...
[2m18:33:18[22m [34m[build][39m [32mÔ£ô Completed in 63ms.[39m
[2m18:33:18[22m [34m[build][39m Building static entrypoints...
node.exe : panic: 
html: bad parser 
state: originalIM was 
set twice [recovered]
En C:\Program 
Files\nodejs\npm.ps1: 
29 Carácter: 3
+   & $NODE_EXE 
$NPM_CLI_JS $args
+   ~~~~~~~~~~~~~~~~~~
~~~~~~~~~~~
    + CategoryInfo    
          : NotSpeci  
  fied: (panic: htm   
 l: ba...ice [reco    
vered]:String) []    
, RemoteException
    + FullyQualifiedE 
   rrorId : NativeCo  
  mmandError
 
	panic: interface 
conversion: string is 
not error: missing 
method Error

goroutine 12 
[running]:
main.main.Transform.fu
nc1.1.1.1()
	./astro-wasm.go:335 
+0x5
panic({0x17940, 
0x7b460})
	runtime/panic.go:770 
+0x1a
github.com/withastro/c
ompiler/internal.(*par
ser).setOriginalIM(...
)
	github.com/withastro/
compiler/internal/pars
er.go:545
github.com/withastro/c
ompiler/internal.inBod
yIM(0x1672120)
	github.com/withastro/
compiler/internal/pars
er.go:1106 +0x41a
github.com/withastro/c
ompiler/internal.(*par
ser).parseCurrentToken
(0x1672120)
	github.com/withastro/
compiler/internal/pars
er.go:3009 +0x12
github.com/withastro/c
ompiler/internal.(*par
ser).parse(0x1672120)
	github.com/withastro/
compiler/internal/pars
er.go:3036 +0x3
github.com/withastro/c
ompiler/internal.Parse
WithOptions({0x7bca8, 
0x1434de0}, 
{0x1445e20, 0x1, 0x1})
	github.com/withastro/
compiler/internal/pars
er.go:3100 +0x13
main.main.Transform.fu
nc1.1.1()
	./astro-wasm.go:340 
+0x4
created by main.main.T
ransform.func1.1 in 
goroutine 6
	./astro-wasm.go:331 
+0x7
exit code: 2
[31m[1m18:33:19[22m
 [ERROR] [vite][39m 
[31mÔ£ù[39m Build 
failed in 1.04s
[31m[UnknownCompilerE
rror][39m 
[astro:build] Cannot 
read properties of 
undefined (reading 
'exports')
file: C:/inovasore/src
/layouts/Layout.astro:
undefined:undefined
  [1mHint:[22m
[33m    This is 
almost always a 
problem with the 
Astro compiler, not 
your code. Please 
open an issue at [4mh
ttps://astro.build/iss
ues/compiler[24m.[39
m
  [1mError 
reference:[22m
    [36m[4mhttps://d
ocs.astro.build/en/ref
erence/errors/unknown-
compiler-error/[24m[
39m
  [1mLocation:[22m
    [4mC:/inovasore/s
rc/layouts/Layout.astr
o:0:0[24m
  [1mStack 
trace:[22m
[2m    at 
syscall/js.valueNew (f
ile:///C:/inovasore/no
de_modules/@astrojs/co
mpiler/dist/chunk-W5DT
LHV4.js:1:4526)
    at wasm://wasm/013
98f46:wasm-function[15
67]:0x168afa
    at wasm://wasm/013
98f46:wasm-function[15
43]:0x164bec
    at wasm://wasm/013
98f46:wasm-function[11
69]:0xfaaf6
    at 
Object.transform (file
:///C:/inovasore/node_
modules/@astrojs/compi
ler/dist/chunk-W5DTLHV
4.js:1:6575)[22m
